Progress Logs
-------------
Sensors With Data in Time Range: 0
Sensors Without Data in Time Range: 1

Sensors Not Found: 0
Invalid Sensor Indexes: 0
Sensor Indexes Encountering Other Errors: 0
Sensor Indexes Not Processed: 0

Start Timestamp: 2025-01-01T00:00:00-08:00
End Timestamp: 2025-03-01T00:00:00-08:00
Average: 60
Fields: humidity,temperature,pressure,pm2.5_cf_1,pm2.5_atm
Total Data Rows Downloaded: 0

Number of Sensors: 1
Number of Read Keys: 0

Download Started at: 2026-06-25T23:05:38-04:00
Download Ended   at: 2026-06-25T23:05:40-04:00
Download Took: 2 seconds

-------------
Sensor Indexes Not Found:


Invalid Sensor Indexes:


Sensors Without Any Data For Specified Time Period:
4670

Sensors Where No Download Was Attempted Yet Due to Process Being Aborted:


Aborted on Sensors:


Sensors With Number of Downloaded Data Rows:

  

-------------
Starting requests for sensor 4670.
Making request 1 from 2025-01-01 to 2025-03-01
No data was found for sensor 4670 between 2025-01-01T00:00:00-08:00 and 2025-03-01T00:00:00-08:00.


Download request has been completed. Scroll down for a summary:
--------------------------------------
